D:\Documents\revature\210201sre\jdemos\Project1\src\main\java\com\revature\models\Coupon.java
D:\Documents\revature\210201sre\jdemos\Project1\src\main\java\com\revature\repositories\UserDAO.java
D:\Documents\revature\210201sre\jdemos\Project1\src\main\java\com\revature\repositories\TransactionDAO.java
D:\Documents\revature\210201sre\jdemos\Project1\src\main\java\com\revature\services\ChkUsrSvc.java
D:\Documents\revature\210201sre\jdemos\Project1\src\main\java\com\revature\exceptions\NoValidSessionException.java
D:\Documents\revature\210201sre\jdemos\Project1\src\main\java\com\revature\services\CustomerService.java
D:\Documents\revature\210201sre\jdemos\Project1\src\main\java\com\revature\models\CartItem.java
D:\Documents\revature\210201sre\jdemos\Project1\src\main\java\com\revature\exceptions\InvalidException.java
D:\Documents\revature\210201sre\jdemos\Project1\src\main\java\com\revature\models\Credentials.java
D:\Documents\revature\210201sre\jdemos\Project1\src\main\java\com\revature\models\User.java
D:\Documents\revature\210201sre\jdemos\Project1\src\main\java\com\revature\repositories\CouponDAO.java
D:\Documents\revature\210201sre\jdemos\Project1\src\main\java\com\revature\services\AdminService.java
D:\Documents\revature\210201sre\jdemos\Project1\src\main\java\com\revature\filters\DurationFilter.java
D:\Documents\revature\210201sre\jdemos\Project1\src\main\java\com\revature\models\TuiId.java
D:\Documents\revature\210201sre\jdemos\Project1\src\main\java\com\revature\repositories\BackorderDAO.java
D:\Documents\revature\210201sre\jdemos\Project1\src\main\java\com\revature\controllers\InventoryController.java
D:\Documents\revature\210201sre\jdemos\Project1\src\main\java\com\revature\models\TuiProto.java
D:\Documents\revature\210201sre\jdemos\Project1\src\main\java\com\revature\repositories\ManufacturerDAO.java
D:\Documents\revature\210201sre\jdemos\Project1\src\main\java\com\revature\repositories\TuiDAO.java
D:\Documents\revature\210201sre\jdemos\Project1\src\main\java\com\revature\models\Key.java
D:\Documents\revature\210201sre\jdemos\Project1\src\main\java\com\revature\models\BoId.java
D:\Documents\revature\210201sre\jdemos\Project1\src\main\java\com\revature\repositories\CartDAO.java
D:\Documents\revature\210201sre\jdemos\Project1\src\main\java\com\revature\models\CipId.java
D:\Documents\revature\210201sre\jdemos\Project1\src\main\java\com\revature\services\EmployeeService.java
D:\Documents\revature\210201sre\jdemos\Project1\src\main\java\com\revature\controllers\CustomerController.java
D:\Documents\revature\210201sre\jdemos\Project1\src\main\java\com\revature\services\ItemService.java
D:\Documents\revature\210201sre\jdemos\Project1\src\main\java\com\revature\Project1Application.java
D:\Documents\revature\210201sre\jdemos\Project1\src\main\java\com\revature\repositories\ItemDAO.java
D:\Documents\revature\210201sre\jdemos\Project1\src\main\java\com\revature\controllers\EmployeeController.java
D:\Documents\revature\210201sre\jdemos\Project1\src\main\java\com\revature\models\Manufacturer.java
D:\Documents\revature\210201sre\jdemos\Project1\src\main\java\com\revature\models\Transaction.java
D:\Documents\revature\210201sre\jdemos\Project1\src\main\java\com\revature\controllers\AdminController.java
D:\Documents\revature\210201sre\jdemos\Project1\src\main\java\com\revature\exceptions\UserNotFoundException.java
D:\Documents\revature\210201sre\jdemos\Project1\src\main\java\com\revature\models\Item.java
D:\Documents\revature\210201sre\jdemos\Project1\src\main\java\com\revature\models\BackorderProto.java
D:\Documents\revature\210201sre\jdemos\Project1\src\main\java\com\revature\models\CartItemProto.java
